// Vitest Snapshot v1, https://vitest.dev/guide/snapshot.html

exports[`parser fixtures > matches the committed parse snapshot 1`] = `
[
  {
    "confidence": 1,
    "descriptor": null,
    "isOptional": false,
    "name": "all-purpose flour",
    "quantity": 2,
    "raw": "2 cups all-purpose flour",
    "unit": "cup",
  },
  {
    "confidence": 1,
    "descriptor": null,
    "isOptional": false,
    "name": "all-purpose flour",
    "quantity": 2.25,
    "raw": "2 1/4 cups all-purpose flour",
    "unit": "cup",
  },
  {
    "confidence": 1,
    "descriptor": null,
    "isOptional": false,
    "name": "granulated sugar",
    "quantity": 1.5,
    "raw": "1 1/2 cups granulated sugar",
    "unit": "cup",
  },
  {
    "confidence": 1,
    "descriptor": null,
    "isOptional": false,
    "name": "packed brown sugar",
    "quantity": 0.75,
    "raw": "3/4 cup packed brown sugar",
    "unit": "cup",
  },
  {
    "confidence": 1,
    "descriptor": "softened",
    "isOptional": false,
    "name": "unsalted butter",
    "quantity": 0.5,
    "raw": "1/2 cup unsalted butter, softened",
    "unit": "cup",
  },
  {
    "confidence": 1,
    "descriptor": null,
    "isOptional": false,
    "name": "vegetable oil",
    "quantity": 0.3333333333333333,
    "raw": "1/3 cup vegetable oil",
    "unit": "cup",
  },
  {
    "confidence": 1,
    "descriptor": null,
    "isOptional": false,
    "name": "whole milk",
    "quantity": 0.6666666666666666,
    "raw": "2/3 cup whole milk",
    "unit": "cup",
  },
  {
    "confidence": 1,
    "descriptor": null,
    "isOptional": false,
    "name": "baking soda",
    "quantity": 0.25,
    "raw": "1/4 teaspoon baking soda",
    "unit": "tsp",
  },
  {
    "confidence": 1,
    "descriptor": null,
    "isOptional": false,
    "name": "baking powder",
    "quantity": 1,
    "raw": "1 teaspoon baking powder",
    "unit": "tsp",
  },
  {
    "confidence": 1,
    "descriptor": null,
    "isOptional": false,
    "name": "fine sea salt",
    "quantity": 0.5,
    "raw": "1/2 teaspoon fine sea salt",
    "unit": "tsp",
  },
  {
    "confidence": 1,
    "descriptor": null,
    "isOptional": false,
    "name": "pure vanilla extract",
    "quantity": 1,
    "raw": "1 tablespoon pure vanilla extract",
    "unit": "tbsp",
  },
  {
    "confidence": 1,
    "descriptor": null,
    "isOptional": false,
    "name": "ground cinnamon",
    "quantity": 2,
    "raw": "2 teaspoons ground cinnamon",
    "unit": "tsp",
  },
  {
    "confidence": 1,
    "descriptor": null,
    "isOptional": false,
    "name": "ground nutmeg",
    "quantity": 0.125,
    "raw": "1/8 teaspoon ground nutmeg",
    "unit": "tsp",
  },
  {
    "confidence": 0.95,
    "descriptor": null,
    "isOptional": false,
    "name": "large eggs",
    "quantity": 3,
    "raw": "3 large eggs",
    "unit": "each",
  },
  {
    "confidence": 0.95,
    "descriptor": null,
    "isOptional": false,
    "name": "large egg yolks",
    "quantity": 2,
    "raw": "2 large egg yolks",
    "unit": "each",
  },
  {
    "confidence": 0.95,
    "descriptor": null,
    "isOptional": false,
    "name": "large egg white",
    "quantity": 1,
    "raw": "1 large egg white",
    "unit": "each",
  },
  {
    "confidence": 1,
    "descriptor": null,
    "isOptional": false,
    "name": "semisweet chocolate chips",
    "quantity": 1,
    "raw": "1 cup semisweet chocolate chips",
    "unit": "cup",
  },
  {
    "confidence": 1,
    "descriptor": null,
    "isOptional": false,
    "name": "rolled oats",
    "quantity": 1.25,
    "raw": "1 1/4 cups rolled oats",
    "unit": "cup",
  },
  {
    "confidence": 1,
    "descriptor": null,
    "isOptional": false,
    "name": "chopped walnuts",
    "quantity": 0.5,
    "raw": "1/2 cup chopped walnuts",
    "unit": "cup",
  },
  {
    "confidence": 1,
    "descriptor": null,
    "isOptional": false,
    "name": "unsweetened cocoa powder",
    "quantity": 0.25,
    "raw": "1/4 cup unsweetened cocoa powder",
    "unit": "cup",
  },
  {
    "confidence": 1,
    "descriptor": null,
    "isOptional": false,
    "name": "sour cream",
    "quantity": 0.5,
    "raw": "½ cup sour cream",
    "unit": "cup",
  },
  {
    "confidence": 1,
    "descriptor": null,
    "isOptional": false,
    "name": "olive oil",
    "quantity": 0.25,
    "raw": "¼ cup olive oil",
    "unit": "cup",
  },
  {
    "confidence": 1,
    "descriptor": null,
    "isOptional": false,
    "name": "kosher salt",
    "quantity": 0.75,
    "raw": "¾ teaspoon kosher salt",
    "unit": "tsp",
  },
  {
    "confidence": 1,
    "descriptor": null,
    "isOptional": false,
    "name": "honey",
    "quantity": 0.3333333333333333,
    "raw": "⅓ cup honey",
    "unit": "cup",
  },
  {
    "confidence": 1,
    "descriptor": null,
    "isOptional": false,
    "name": "heavy cream",
    "quantity": 0.6666666666666666,
    "raw": "⅔ cup heavy cream",
    "unit": "cup",
  },
  {
    "confidence": 1,
    "descriptor": null,
    "isOptional": false,
    "name": "whole milk",
    "quantity": 1.5,
    "raw": "1½ cups whole milk",
    "unit": "cup",
  },
  {
    "confidence": 1,
    "descriptor": null,
    "isOptional": false,
    "name": "cornstarch",
    "quantity": 2.5,
    "raw": "2½ tablespoons cornstarch",
    "unit": "tbsp",
  },
  {
    "confidence": 1,
    "descriptor": null,
    "isOptional": false,
    "name": "almond extract",
    "quantity": 1.25,
    "raw": "1¼ teaspoons almond extract",
    "unit": "tsp",
  },
  {
    "confidence": 1,
    "descriptor": null,
    "isOptional": false,
    "name": "cayenne pepper",
    "quantity": 0.125,
    "raw": "⅛ teaspoon cayenne pepper",
    "unit": "tsp",
  },
  {
    "confidence": 1,
    "descriptor": null,
    "isOptional": false,
    "name": "bread flour",
    "quantity": 3.75,
    "raw": "3¾ cups bread flour",
    "unit": "cup",
  },
  {
    "confidence": 0.97,
    "descriptor": "softened",
    "isOptional": false,
    "name": "cream cheese",
    "quantity": 8,
    "raw": "1 (8 oz) package cream cheese, softened",
    "unit": "oz",
  },
  {
    "confidence": 0.97,
    "descriptor": "softened",
    "isOptional": false,
    "name": "cream cheese",
    "quantity": 16,
    "raw": "2 (8 oz) packages cream cheese, softened",
    "unit": "oz",
  },
  {
    "confidence": 0.97,
    "descriptor": null,
    "isOptional": false,
    "name": "sweetened condensed milk",
    "quantity": 14,
    "raw": "1 (14 oz) can sweetened condensed milk",
    "unit": "oz",
  },
  {
    "confidence": 0.97,
    "descriptor": null,
    "isOptional": false,
    "name": "diced tomatoes",
    "quantity": 29,
    "raw": "2 (14.5 oz) cans diced tomatoes",
    "unit": "oz",
  },
  {
    "confidence": 0.97,
    "descriptor": "drained and rinsed",
    "isOptional": false,
    "name": "black beans",
    "quantity": 15,
    "raw": "1 (15 oz) can black beans, drained and rinsed",
    "unit": "oz",
  },
  {
    "confidence": 0.97,
    "descriptor": null,
    "isOptional": false,
    "name": "tomato paste",
    "quantity": 6,
    "raw": "1 (6 oz) can tomato paste",
    "unit": "oz",
  },
  {
    "confidence": 0.97,
    "descriptor": null,
    "isOptional": false,
    "name": "full-fat coconut milk",
    "quantity": 13.5,
    "raw": "1 (13.5 oz) can full-fat coconut milk",
    "unit": "oz",
  },
  {
    "confidence": 0.97,
    "descriptor": null,
    "isOptional": false,
    "name": "crushed tomatoes",
    "quantity": 28,
    "raw": "1 (28 oz) can crushed tomatoes",
    "unit": "oz",
  },
  {
    "confidence": 0.97,
    "descriptor": null,
    "isOptional": false,
    "name": "diced green chiles",
    "quantity": 8,
    "raw": "2 (4 oz) cans diced green chiles",
    "unit": "oz",
  },
  {
    "confidence": 0.97,
    "descriptor": null,
    "isOptional": false,
    "name": "condensed cream of mushroom soup",
    "quantity": 10.5,
    "raw": "1 (10.5 oz) can condensed cream of mushroom soup",
    "unit": "oz",
  },
  {
    "confidence": 0.97,
    "descriptor": null,
    "isOptional": false,
    "name": "spaghetti",
    "quantity": 1,
    "raw": "1 (1 lb) box spaghetti",
    "unit": "lb",
  },
  {
    "confidence": 0.97,
    "descriptor": null,
    "isOptional": false,
    "name": "frozen corn",
    "quantity": 12,
    "raw": "1 (12 oz) bag frozen corn",
    "unit": "oz",
  },
  {
    "confidence": 0.95,
    "descriptor": "minced",
    "isOptional": false,
    "name": "garlic",
    "quantity": 3,
    "raw": "2-3 cloves garlic, minced",
    "unit": "clove",
  },
  {
    "confidence": 0.95,
    "descriptor": null,
    "isOptional": false,
    "name": "water",
    "quantity": 4,
    "raw": "3-4 tablespoons water",
    "unit": "tbsp",
  },
  {
    "confidence": 0.95,
    "descriptor": null,
    "isOptional": false,
    "name": "hot sauce",
    "quantity": 2,
    "raw": "1 to 2 teaspoons hot sauce",
    "unit": "tsp",
  },
  {
    "confidence": 0.9025,
    "descriptor": null,
    "isOptional": false,
    "name": "boneless skinless chicken thighs",
    "quantity": 6,
    "raw": "4-6 boneless skinless chicken thighs",
    "unit": "each",
  },
  {
    "confidence": 1,
    "descriptor": null,
    "isOptional": false,
    "name": "boneless skinless chicken breasts",
    "quantity": 1,
    "raw": "1 lb boneless skinless chicken breasts (about 3)",
    "unit": "lb",
  },
  {
    "confidence": 1,
    "descriptor": null,
    "isOptional": false,
    "name": "russet potatoes",
    "quantity": 2,
    "raw": "2 pounds russet potatoes (about 4 medium)",
    "unit": "lb",
  },
  {
    "confidence": 1,
    "descriptor": null,
    "isOptional": false,
    "name": "scallions",
    "quantity": 1,
    "raw": "1 bunch scallions (about 6)",
    "unit": "bunch",
  },
  {
    "confidence": 0.95,
    "descriptor": null,
    "isOptional": false,
    "name": "shredded rotisserie chicken",
    "quantity": 3,
    "raw": "2 to 3 cups shredded rotisserie chicken",
    "unit": "cup",
  },
  {
    "confidence": 0.95,
    "descriptor": "diced",
    "isOptional": false,
    "name": "medium yellow onion",
    "quantity": 1,
    "raw": "1 medium yellow onion, diced",
    "unit": "each",
  },
  {
    "confidence": 0.95,
    "descriptor": "thinly sliced",
    "isOptional": false,
    "name": "red onion",
    "quantity": 0.5,
    "raw": "1/2 red onion, thinly sliced",
    "unit": "each",
  },
  {
    "confidence": 1,
    "descriptor": "chopped",
    "isOptional": false,
    "name": "celery",
    "quantity": 2,
    "raw": "2 stalks celery, chopped",
    "unit": "each",
  },
  {
    "confidence": 0.95,
    "descriptor": "peeled and chopped",
    "isOptional": false,
    "name": "carrots",
    "quantity": 3,
    "raw": "3 carrots, peeled and chopped",
    "unit": "each",
  },
  {
    "confidence": 0.95,
    "descriptor": "seeded and diced",
    "isOptional": false,
    "name": "red bell pepper",
    "quantity": 1,
    "raw": "1 red bell pepper, seeded and diced",
    "unit": "each",
  },
  {
    "confidence": 0.95,
    "descriptor": "seeded and minced",
    "isOptional": false,
    "name": "jalapeño",
    "quantity": 1,
    "raw": "1 jalapeño, seeded and minced",
    "unit": "each",
  },
  {
    "confidence": 1,
    "descriptor": "minced",
    "isOptional": false,
    "name": "garlic",
    "quantity": 4,
    "raw": "4 cloves garlic, minced",
    "unit": "clove",
  },
  {
    "confidence": 1,
    "descriptor": null,
    "isOptional": false,
    "name": "garlic",
    "quantity": 1,
    "raw": "1 head garlic",
    "unit": "head",
  },
  {
    "confidence": 0.95,
    "descriptor": "juiced",
    "isOptional": false,
    "name": "lemons",
    "quantity": 2,
    "raw": "2 lemons, juiced",
    "unit": "each",
  },
  {
    "confidence": 0.95,
    "descriptor": "zested and juiced",
    "isOptional": false,
    "name": "lime",
    "quantity": 1,
    "raw": "1 lime, zested and juiced",
    "unit": "each",
  },
  {
    "confidence": 0.95,
    "descriptor": "mashed",
    "isOptional": false,
    "name": "ripe bananas",
    "quantity": 3,
    "raw": "3 ripe bananas, mashed",
    "unit": "each",
  },
  {
    "confidence": 0.95,
    "descriptor": "peeled and sliced",
    "isOptional": false,
    "name": "green apples",
    "quantity": 2,
    "raw": "2 green apples, peeled and sliced",
    "unit": "each",
  },
  {
    "confidence": 0.95,
    "descriptor": "sliced",
    "isOptional": false,
    "name": "english cucumber",
    "quantity": 1,
    "raw": "1 English cucumber, sliced",
    "unit": "each",
  },
  {
    "confidence": 1,
    "descriptor": "halved",
    "isOptional": false,
    "name": "cherry tomatoes",
    "quantity": 1,
    "raw": "1 pint cherry tomatoes, halved",
    "unit": "pt",
  },
  {
    "confidence": 0.95,
    "descriptor": "pitted and diced",
    "isOptional": false,
    "name": "avocados",
    "quantity": 2,
    "raw": "2 avocados, pitted and diced",
    "unit": "each",
  },
  {
    "confidence": 0.95,
    "descriptor": "cut into florets",
    "isOptional": false,
    "name": "small head cauliflower",
    "quantity": 1,
    "raw": "1 small head cauliflower, cut into florets",
    "unit": "each",
  },
  {
    "confidence": 1,
    "descriptor": "chopped",
    "isOptional": false,
    "name": "fresh cilantro",
    "quantity": 1,
    "raw": "1 bunch fresh cilantro, chopped",
    "unit": "bunch",
  },
  {
    "confidence": 1,
    "descriptor": "stems removed",
    "isOptional": false,
    "name": "kale",
    "quantity": 1,
    "raw": "1 bunch kale, stems removed",
    "unit": "bunch",
  },
  {
    "confidence": 1,
    "descriptor": "sliced",
    "isOptional": false,
    "name": "white mushrooms",
    "quantity": 8,
    "raw": "8 oz white mushrooms, sliced",
    "unit": "oz",
  },
  {
    "confidence": 0.97,
    "descriptor": null,
    "isOptional": false,
    "name": "baby spinach",
    "quantity": 5,
    "raw": "1 (5 oz) package baby spinach",
    "unit": "oz",
  },
  {
    "confidence": 1,
    "descriptor": null,
    "isOptional": false,
    "name": "ground beef",
    "quantity": 1,
    "raw": "1 pound ground beef",
    "unit": "lb",
  },
  {
    "confidence": 1,
    "descriptor": null,
    "isOptional": false,
    "name": "ground turkey",
    "quantity": 1.5,
    "raw": "1 1/2 pounds ground turkey",
    "unit": "lb",
  },
  {
    "confidence": 1,
    "descriptor": "cut into cubes",
    "isOptional": false,
    "name": "pork shoulder",
    "quantity": 2,
    "raw": "2 lbs pork shoulder, cut into cubes",
    "unit": "lb",
  },
  {
    "confidence": 1,
    "descriptor": "chopped",
    "isOptional": false,
    "name": "bacon",
    "quantity": 4,
    "raw": "4 slices bacon, chopped",
    "unit": "slice",
  },
  {
    "confidence": 1,
    "descriptor": "peeled and deveined",
    "isOptional": false,
    "name": "large shrimp",
    "quantity": 1,
    "raw": "1 pound large shrimp, peeled and deveined",
    "unit": "lb",
  },
  {
    "confidence": 0.97,
    "descriptor": null,
    "isOptional": false,
    "name": "salmon fillets",
    "quantity": 24,
    "raw": "4 (6 oz) salmon fillets",
    "unit": "oz",
  },
  {
    "confidence": 0.95,
    "descriptor": "shredded",
    "isOptional": false,
    "name": "rotisserie chicken",
    "quantity": 1,
    "raw": "1 rotisserie chicken, shredded",
    "unit": "each",
  },
  {
    "confidence": 1,
    "descriptor": "casings removed",
    "isOptional": false,
    "name": "italian sausage",
    "quantity": 1,
    "raw": "1 pound Italian sausage, casings removed",
    "unit": "lb",
  },
  {
    "confidence": 0.95,
    "descriptor": null,
    "isOptional": false,
    "name": "boneless ribeye steaks",
    "quantity": 2,
    "raw": "2 boneless ribeye steaks",
    "unit": "each",
  },
  {
    "confidence": 0.97,
    "descriptor": "drained",
    "isOptional": false,
    "name": "chickpeas",
    "quantity": 15,
    "raw": "1 (15 oz) can chickpeas, drained",
    "unit": "oz",
  },
  {
    "confidence": 1,
    "descriptor": null,
    "isOptional": false,
    "name": "soy sauce",
    "quantity": 2,
    "raw": "2 tablespoons soy sauce",
    "unit": "tbsp",
  },
  {
    "confidence": 1,
    "descriptor": null,
    "isOptional": false,
    "name": "fish sauce",
    "quantity": 1,
    "raw": "1 tablespoon fish sauce",
    "unit": "tbsp",
  },
  {
    "confidence": 1,
    "descriptor": null,
    "isOptional": false,
    "name": "whole milk",
    "quantity": 1,
    "raw": "1 cup whole milk",
    "unit": "cup",
  },
  {
    "confidence": 1,
    "descriptor": null,
    "isOptional": false,
    "name": "shredded cheddar cheese",
    "quantity": 2,
    "raw": "2 cups shredded cheddar cheese",
    "unit": "cup",
  },
  {
    "confidence": 1,
    "descriptor": null,
    "isOptional": false,
    "name": "grated parmesan cheese",
    "quantity": 0.5,
    "raw": "1/2 cup grated Parmesan cheese",
    "unit": "cup",
  },
  {
    "confidence": 1,
    "descriptor": null,
    "isOptional": false,
    "name": "buttermilk",
    "quantity": 1,
    "raw": "1 cup buttermilk",
    "unit": "cup",
  },
  {
    "confidence": 1,
    "descriptor": null,
    "isOptional": false,
    "name": "unsalted butter",
    "quantity": 8,
    "raw": "8 tablespoons unsalted butter",
    "unit": "tbsp",
  },
  {
    "confidence": 1,
    "descriptor": null,
    "isOptional": false,
    "name": "unsalted butter",
    "quantity": 1,
    "raw": "1 stick unsalted butter",
    "unit": "stick",
  },
  {
    "confidence": 1,
    "descriptor": "melted",
    "isOptional": false,
    "name": "butter",
    "quantity": 2,
    "raw": "2 sticks butter, melted",
    "unit": "stick",
  },
  {
    "confidence": 1,
    "descriptor": null,
    "isOptional": false,
    "name": "greek yogurt",
    "quantity": 1,
    "raw": "1 cup Greek yogurt",
    "unit": "cup",
  },
  {
    "confidence": 1,
    "descriptor": null,
    "isOptional": false,
    "name": "mayonnaise",
    "quantity": 0.25,
    "raw": "1/4 cup mayonnaise",
    "unit": "cup",
  },
  {
    "confidence": 1,
    "descriptor": null,
    "isOptional": false,
    "name": "cream cheese",
    "quantity": 2,
    "raw": "2 ounces cream cheese",
    "unit": "oz",
  },
  {
    "confidence": 1,
    "descriptor": null,
    "isOptional": false,
    "name": "heavy whipping cream",
    "quantity": 0.5,
    "raw": "1/2 cup heavy whipping cream",
    "unit": "cup",
  },
  {
    "confidence": 1,
    "descriptor": null,
    "isOptional": false,
    "name": "extra-virgin olive oil",
    "quantity": 1,
    "raw": "1 tablespoon extra-virgin olive oil",
    "unit": "tbsp",
  },
  {
    "confidence": 1,
    "descriptor": null,
    "isOptional": false,
    "name": "smoked paprika",
    "quantity": 1,
    "raw": "1 teaspoon smoked paprika",
    "unit": "tsp",
  },
  {
    "confidence": 1,
    "descriptor": null,
    "isOptional": false,
    "name": "ground cumin",
    "quantity": 2,
    "raw": "2 teaspoons ground cumin",
    "unit": "tsp",
  },
  {
    "confidence": 1,
    "descriptor": null,
    "isOptional": false,
    "name": "chili powder",
    "quantity": 1,
    "raw": "1 tablespoon chili powder",
    "unit": "tbsp",
  },
  {
    "confidence": 1,
    "descriptor": null,
    "isOptional": false,
    "name": "dried oregano",
    "quantity": 0.5,
    "raw": "1/2 teaspoon dried oregano",
    "unit": "tsp",
  },
  {
    "confidence": 1,
    "descriptor": null,
    "isOptional": false,
    "name": "italian seasoning",
    "quantity": 1,
    "raw": "1 teaspoon Italian seasoning",
    "unit": "tsp",
  },
  {
    "confidence": 0.95,
    "descriptor": null,
    "isOptional": false,
    "name": "bay leaves",
    "quantity": 2,
    "raw": "2 bay leaves",
    "unit": "each",
  },
  {
    "confidence": 1,
    "descriptor": null,
    "isOptional": false,
    "name": "red pepper flakes",
    "quantity": 0.25,
    "raw": "1/4 teaspoon red pepper flakes",
    "unit": "tsp",
  },
  {
    "confidence": 1,
    "descriptor": null,
    "isOptional": false,
    "name": "dijon mustard",
    "quantity": 1,
    "raw": "1 tablespoon Dijon mustard",
    "unit": "tbsp",
  },
  {
    "confidence": 1,
    "descriptor": null,
    "isOptional": false,
    "name": "tomato paste",
    "quantity": 2,
    "raw": "2 tablespoons tomato paste",
    "unit": "tbsp",
  },
  {
    "confidence": 1,
    "descriptor": null,
    "isOptional": false,
    "name": "chicken broth",
    "quantity": 1,
    "raw": "1 cup chicken broth",
    "unit": "cup",
  },
  {
    "confidence": 1,
    "descriptor": null,
    "isOptional": false,
    "name": "low-sodium chicken stock",
    "quantity": 4,
    "raw": "4 cups low-sodium chicken stock",
    "unit": "cup",
  },
  {
    "confidence": 1,
    "descriptor": null,
    "isOptional": false,
    "name": "red wine vinegar",
    "quantity": 0.25,
    "raw": "1/4 cup red wine vinegar",
    "unit": "cup",
  },
  {
    "confidence": 1,
    "descriptor": null,
    "isOptional": false,
    "name": "worcestershire sauce",
    "quantity": 2,
    "raw": "2 tablespoons Worcestershire sauce",
    "unit": "tbsp",
  },
  {
    "confidence": 1,
    "descriptor": null,
    "isOptional": false,
    "name": "honey",
    "quantity": 1,
    "raw": "1 tablespoon honey",
    "unit": "tbsp",
  },
  {
    "confidence": 1,
    "descriptor": null,
    "isOptional": false,
    "name": "maple syrup",
    "quantity": 0.3333333333333333,
    "raw": "1/3 cup maple syrup",
    "unit": "cup",
  },
  {
    "confidence": 1,
    "descriptor": null,
    "isOptional": false,
    "name": "long-grain white rice",
    "quantity": 1,
    "raw": "1 cup long-grain white rice",
    "unit": "cup",
  },
  {
    "confidence": 1,
    "descriptor": null,
    "isOptional": false,
    "name": "dried pasta",
    "quantity": 1,
    "raw": "1 pound dried pasta",
    "unit": "lb",
  },
  {
    "confidence": 1,
    "descriptor": null,
    "isOptional": false,
    "name": "panko breadcrumbs",
    "quantity": 2,
    "raw": "2 cups panko breadcrumbs",
    "unit": "cup",
  },
  {
    "confidence": 1,
    "descriptor": "for dredging",
    "isOptional": false,
    "name": "all-purpose flour",
    "quantity": 0.25,
    "raw": "1/4 cup all-purpose flour, for dredging",
    "unit": "cup",
  },
  {
    "confidence": 1,
    "descriptor": null,
    "isOptional": false,
    "name": "cornstarch",
    "quantity": 1,
    "raw": "1 tablespoon cornstarch",
    "unit": "tbsp",
  },
  {
    "confidence": 0.9,
    "descriptor": null,
    "isOptional": false,
    "name": "olive oil",
    "quantity": 0.3749999999894331,
    "raw": "¼ cup + 2 tablespoons olive oil",
    "unit": "cup",
  },
  {
    "confidence": 1,
    "descriptor": null,
    "isOptional": false,
    "name": "plus 2 tablespoons cake flour",
    "quantity": 1,
    "raw": "1 cup plus 2 tablespoons cake flour",
    "unit": "cup",
  },
  {
    "confidence": 1,
    "descriptor": "plus more for drizzling",
    "isOptional": false,
    "name": "olive oil",
    "quantity": 2,
    "raw": "2 tablespoons olive oil, plus more for drizzling",
    "unit": "tbsp",
  },
  {
    "confidence": 1,
    "descriptor": "plus more to taste",
    "isOptional": false,
    "name": "salt",
    "quantity": 1,
    "raw": "1 teaspoon salt, plus more to taste",
    "unit": "tsp",
  },
  {
    "confidence": 0.9,
    "descriptor": null,
    "isOptional": false,
    "name": "flour",
    "quantity": null,
    "raw": "Flour, for dusting",
    "unit": "to_taste",
  },
  {
    "confidence": 0.9,
    "descriptor": null,
    "isOptional": false,
    "name": "salt and pepper",
    "quantity": null,
    "raw": "Salt and pepper to taste",
    "unit": "to_taste",
  },
  {
    "confidence": 0.9,
    "descriptor": null,
    "isOptional": false,
    "name": "kosher salt",
    "quantity": null,
    "raw": "Kosher salt, to taste",
    "unit": "to_taste",
  },
  {
    "confidence": 0.9,
    "descriptor": null,
    "isOptional": false,
    "name": "freshly ground black pepper",
    "quantity": null,
    "raw": "Freshly ground black pepper, to taste",
    "unit": "to_taste",
  },
  {
    "confidence": 0.9,
    "descriptor": null,
    "isOptional": false,
    "name": "vegetable oil",
    "quantity": null,
    "raw": "Vegetable oil, for frying",
    "unit": "to_taste",
  },
  {
    "confidence": 0.9,
    "descriptor": null,
    "isOptional": false,
    "name": "cooking spray",
    "quantity": null,
    "raw": "Cooking spray, as needed",
    "unit": "to_taste",
  },
  {
    "confidence": 0.9,
    "descriptor": null,
    "isOptional": false,
    "name": "fresh basil leaves",
    "quantity": null,
    "raw": "Fresh basil leaves, for garnish",
    "unit": "to_taste",
  },
  {
    "confidence": 0.9,
    "descriptor": null,
    "isOptional": false,
    "name": "lemon wedges",
    "quantity": null,
    "raw": "Lemon wedges, for serving",
    "unit": "to_taste",
  },
  {
    "confidence": 0.9,
    "descriptor": null,
    "isOptional": false,
    "name": "grated parmesan",
    "quantity": null,
    "raw": "Grated Parmesan, for serving",
    "unit": "to_taste",
  },
  {
    "confidence": 1,
    "descriptor": null,
    "isOptional": true,
    "name": "chopped walnuts",
    "quantity": 0.25,
    "raw": "1/4 cup chopped walnuts (optional)",
    "unit": "cup",
  },
  {
    "confidence": 1,
    "descriptor": "drained",
    "isOptional": true,
    "name": "capers",
    "quantity": 1,
    "raw": "1 tablespoon capers, drained (optional)",
    "unit": "tbsp",
  },
  {
    "confidence": 1,
    "descriptor": null,
    "isOptional": true,
    "name": "shredded coconut",
    "quantity": 0.5,
    "raw": "1/2 cup shredded coconut, optional",
    "unit": "cup",
  },
  {
    "confidence": 0.4,
    "descriptor": null,
    "isOptional": true,
    "name": "red pepper flakes",
    "quantity": null,
    "raw": "Red pepper flakes, optional",
    "unit": null,
  },
  {
    "confidence": 0.97,
    "descriptor": null,
    "isOptional": false,
    "name": "block philadelphia cream cheese",
    "quantity": 8,
    "raw": "1 (8 oz) block Philadelphia cream cheese",
    "unit": "oz",
  },
  {
    "confidence": 1,
    "descriptor": null,
    "isOptional": false,
    "name": "bisquick baking mix",
    "quantity": 2,
    "raw": "2 cups Bisquick baking mix",
    "unit": "cup",
  },
  {
    "confidence": 0.97,
    "descriptor": null,
    "isOptional": false,
    "name": "nestlé toll house chocolate chips",
    "quantity": 12,
    "raw": "1 (12 oz) package Nestlé Toll House chocolate chips",
    "unit": "oz",
  },
  {
    "confidence": 1,
    "descriptor": null,
    "isOptional": false,
    "name": "finely grated pecorino romano",
    "quantity": 0.5,
    "raw": "1/2 cup finely grated Pecorino Romano",
    "unit": "cup",
  },
  {
    "confidence": 1,
    "descriptor": null,
    "isOptional": false,
    "name": "finely chopped fresh parsley",
    "quantity": 3,
    "raw": "3 tablespoons finely chopped fresh parsley",
    "unit": "tbsp",
  },
  {
    "confidence": 1,
    "descriptor": null,
    "isOptional": false,
    "name": "freshly grated ginger",
    "quantity": 1,
    "raw": "1 tablespoon freshly grated ginger",
    "unit": "tbsp",
  },
  {
    "confidence": 1,
    "descriptor": null,
    "isOptional": false,
    "name": "freshly squeezed lemon juice",
    "quantity": 2,
    "raw": "2 teaspoons freshly squeezed lemon juice",
    "unit": "tsp",
  },
  {
    "confidence": 1,
    "descriptor": null,
    "isOptional": false,
    "name": "firmly packed light brown sugar",
    "quantity": 1,
    "raw": "1 cup firmly packed light brown sugar",
    "unit": "cup",
  },
  {
    "confidence": 1,
    "descriptor": null,
    "isOptional": false,
    "name": "toasted sliced almonds",
    "quantity": 0.5,
    "raw": "1/2 cup toasted sliced almonds",
    "unit": "cup",
  },
  {
    "confidence": 1,
    "descriptor": null,
    "isOptional": false,
    "name": "crumbled feta cheese",
    "quantity": 1,
    "raw": "1 cup crumbled feta cheese",
    "unit": "cup",
  },
  {
    "confidence": 1,
    "descriptor": null,
    "isOptional": false,
    "name": "water",
    "quantity": 2,
    "raw": "2 cups water",
    "unit": "cup",
  },
  {
    "confidence": 1,
    "descriptor": null,
    "isOptional": false,
    "name": "dry white wine",
    "quantity": 0.5,
    "raw": "1/2 cup dry white wine",
    "unit": "cup",
  },
  {
    "confidence": 1,
    "descriptor": null,
    "isOptional": false,
    "name": "dark rum",
    "quantity": 0.25,
    "raw": "1/4 cup dark rum",
    "unit": "cup",
  },
  {
    "confidence": 1,
    "descriptor": "cooled",
    "isOptional": false,
    "name": "brewed coffee",
    "quantity": 1,
    "raw": "1 cup brewed coffee, cooled",
    "unit": "cup",
  },
  {
    "confidence": 1,
    "descriptor": null,
    "isOptional": false,
    "name": "vegetable broth",
    "quantity": 3,
    "raw": "3 cups vegetable broth",
    "unit": "cup",
  },
  {
    "confidence": 1,
    "descriptor": null,
    "isOptional": false,
    "name": "orange juice",
    "quantity": 0.5,
    "raw": "1/2 cup orange juice",
    "unit": "cup",
  },
  {
    "confidence": 1,
    "descriptor": null,
    "isOptional": false,
    "name": "lime juice",
    "quantity": 2,
    "raw": "2 tablespoons lime juice",
    "unit": "tbsp",
  },
  {
    "confidence": 1,
    "descriptor": null,
    "isOptional": false,
    "name": "coconut water",
    "quantity": 1,
    "raw": "1 cup coconut water",
    "unit": "cup",
  },
  {
    "confidence": 1,
    "descriptor": null,
    "isOptional": false,
    "name": "russet potatoes",
    "quantity": 3,
    "raw": "3 pounds russet potatoes",
    "unit": "lb",
  },
  {
    "confidence": 1,
    "descriptor": null,
    "isOptional": false,
    "name": "whole chicken",
    "quantity": 5,
    "raw": "5 lbs whole chicken",
    "unit": "lb",
  },
  {
    "confidence": 1,
    "descriptor": null,
    "isOptional": false,
    "name": "apple cider",
    "quantity": 1,
    "raw": "1 gallon apple cider",
    "unit": "gal",
  },
  {
    "confidence": 1,
    "descriptor": null,
    "isOptional": false,
    "name": "heavy cream",
    "quantity": 1,
    "raw": "1 quart heavy cream",
    "unit": "qt",
  },
  {
    "confidence": 1,
    "descriptor": null,
    "isOptional": false,
    "name": "chicken stock",
    "quantity": 2,
    "raw": "2 quarts chicken stock",
    "unit": "qt",
  },
  {
    "confidence": 1,
    "descriptor": null,
    "isOptional": false,
    "name": "blueberries",
    "quantity": 1,
    "raw": "1 pint blueberries",
    "unit": "pt",
  },
  {
    "confidence": 1,
    "descriptor": null,
    "isOptional": false,
    "name": "bread flour",
    "quantity": 500,
    "raw": "500 g bread flour",
    "unit": "g",
  },
  {
    "confidence": 1,
    "descriptor": null,
    "isOptional": false,
    "name": "whole milk",
    "quantity": 250,
    "raw": "250 ml whole milk",
    "unit": "ml",
  },
  {
    "confidence": 1,
    "descriptor": null,
    "isOptional": false,
    "name": "boneless pork shoulder",
    "quantity": 1,
    "raw": "1 kg boneless pork shoulder",
    "unit": "kg",
  },
  {
    "confidence": 1,
    "descriptor": null,
    "isOptional": false,
    "name": "red wine",
    "quantity": 750,
    "raw": "750 ml red wine",
    "unit": "ml",
  },
  {
    "confidence": 1,
    "descriptor": "chopped",
    "isOptional": false,
    "name": "dark chocolate",
    "quantity": 200,
    "raw": "200 g dark chocolate, chopped",
    "unit": "g",
  },
  {
    "confidence": 1,
    "descriptor": null,
    "isOptional": false,
    "name": "cocoa powder",
    "quantity": 30,
    "raw": "30 g cocoa powder",
    "unit": "g",
  },
  {
    "confidence": 1,
    "descriptor": null,
    "isOptional": false,
    "name": "vanilla extract",
    "quantity": 15,
    "raw": "15 ml vanilla extract",
    "unit": "ml",
  },
  {
    "confidence": 1,
    "descriptor": null,
    "isOptional": false,
    "name": "chicken stock",
    "quantity": 2,
    "raw": "2 L chicken stock",
    "unit": "l",
  },
  {
    "confidence": 1,
    "descriptor": "cubed",
    "isOptional": false,
    "name": "beef chuck",
    "quantity": 1.5,
    "raw": "1.5 kg beef chuck, cubed",
    "unit": "kg",
  },
  {
    "confidence": 1,
    "descriptor": null,
    "isOptional": false,
    "name": "grated parmesan",
    "quantity": 100,
    "raw": "100 g grated Parmesan",
    "unit": "g",
  },
  {
    "confidence": 1,
    "descriptor": null,
    "isOptional": false,
    "name": "olive oil",
    "quantity": 60,
    "raw": "60 ml olive oil",
    "unit": "ml",
  },
  {
    "confidence": 1,
    "descriptor": null,
    "isOptional": false,
    "name": "can chopped tomatoes",
    "quantity": 400,
    "raw": "400 g can chopped tomatoes",
    "unit": "g",
  },
  {
    "confidence": 1,
    "descriptor": null,
    "isOptional": false,
    "name": "fresh thyme",
    "quantity": 2,
    "raw": "2 sprigs fresh thyme",
    "unit": "each",
  },
  {
    "confidence": 1,
    "descriptor": null,
    "isOptional": false,
    "name": "chopped fresh rosemary",
    "quantity": 1,
    "raw": "1 tablespoon chopped fresh rosemary",
    "unit": "tbsp",
  },
  {
    "confidence": 1,
    "descriptor": null,
    "isOptional": false,
    "name": "chopped fresh dill",
    "quantity": 3,
    "raw": "3 tablespoons chopped fresh dill",
    "unit": "tbsp",
  },
  {
    "confidence": 1,
    "descriptor": "bruised",
    "isOptional": false,
    "name": "lemongrass",
    "quantity": 1,
    "raw": "1 stalk lemongrass, bruised",
    "unit": "each",
  },
  {
    "confidence": 0.95,
    "descriptor": null,
    "isOptional": false,
    "name": "star anise",
    "quantity": 2,
    "raw": "2 star anise",
    "unit": "each",
  },
  {
    "confidence": 0.95,
    "descriptor": null,
    "isOptional": false,
    "name": "cinnamon stick",
    "quantity": 1,
    "raw": "1 cinnamon stick",
    "unit": "each",
  },
  {
    "confidence": 0.95,
    "descriptor": "grated",
    "isOptional": false,
    "name": "inch fresh ginger",
    "quantity": 1,
    "raw": "1 inch fresh ginger, grated",
    "unit": "each",
  },
  {
    "confidence": 1,
    "descriptor": null,
    "isOptional": false,
    "name": "ground turmeric",
    "quantity": 0.5,
    "raw": "1/2 teaspoon ground turmeric",
    "unit": "tsp",
  },
  {
    "confidence": 1,
    "descriptor": null,
    "isOptional": false,
    "name": "powdered sugar",
    "quantity": 1,
    "raw": "1 cup powdered sugar",
    "unit": "cup",
  },
  {
    "confidence": 1,
    "descriptor": null,
    "isOptional": false,
    "name": "sanding sugar",
    "quantity": 2,
    "raw": "2 tablespoons sanding sugar",
    "unit": "tbsp",
  },
  {
    "confidence": 1,
    "descriptor": null,
    "isOptional": false,
    "name": "mini marshmallows",
    "quantity": 1,
    "raw": "1 cup mini marshmallows",
    "unit": "cup",
  },
  {
    "confidence": 1,
    "descriptor": null,
    "isOptional": false,
    "name": "raisins",
    "quantity": 0.5,
    "raw": "1/2 cup raisins",
    "unit": "cup",
  },
  {
    "confidence": 1,
    "descriptor": null,
    "isOptional": false,
    "name": "dried cranberries",
    "quantity": 1,
    "raw": "1 cup dried cranberries",
    "unit": "cup",
  },
  {
    "confidence": 1,
    "descriptor": null,
    "isOptional": false,
    "name": "peanut butter",
    "quantity": 0.75,
    "raw": "3/4 cup peanut butter",
    "unit": "cup",
  },
  {
    "confidence": 1,
    "descriptor": null,
    "isOptional": false,
    "name": "nutella",
    "quantity": 0.25,
    "raw": "1/4 cup Nutella",
    "unit": "cup",
  },
  {
    "confidence": 1,
    "descriptor": null,
    "isOptional": false,
    "name": "graham cracker crumbs",
    "quantity": 1,
    "raw": "1 cup graham cracker crumbs",
    "unit": "cup",
  },
  {
    "confidence": 1,
    "descriptor": null,
    "isOptional": false,
    "name": "sprinkles",
    "quantity": 2,
    "raw": "2 tablespoons sprinkles",
    "unit": "tbsp",
  },
  {
    "confidence": 1,
    "descriptor": null,
    "isOptional": false,
    "name": "shredded sweetened coconut",
    "quantity": 1,
    "raw": "1 cup shredded sweetened coconut",
    "unit": "cup",
  },
  {
    "confidence": 0.95,
    "descriptor": null,
    "isOptional": false,
    "name": "corn tortillas",
    "quantity": 4,
    "raw": "4 corn tortillas",
    "unit": "each",
  },
  {
    "confidence": 0.95,
    "descriptor": null,
    "isOptional": false,
    "name": "flour tortillas",
    "quantity": 8,
    "raw": "8 flour tortillas",
    "unit": "each",
  },
  {
    "confidence": 0.95,
    "descriptor": null,
    "isOptional": false,
    "name": "dozen large eggs",
    "quantity": 1,
    "raw": "1 dozen large eggs",
    "unit": "each",
  },
  {
    "confidence": 1,
    "descriptor": "crusts removed",
    "isOptional": false,
    "name": "white bread",
    "quantity": 2,
    "raw": "2 slices white bread, crusts removed",
    "unit": "slice",
  },
  {
    "confidence": 1,
    "descriptor": null,
    "isOptional": false,
    "name": "crusty bread",
    "quantity": 1,
    "raw": "1 loaf crusty bread",
    "unit": "each",
  },
  {
    "confidence": 0.95,
    "descriptor": null,
    "isOptional": false,
    "name": "hamburger buns",
    "quantity": 6,
    "raw": "6 hamburger buns",
    "unit": "each",
  },
  {
    "confidence": 0.95,
    "descriptor": null,
    "isOptional": false,
    "name": "chicken wings",
    "quantity": 12,
    "raw": "12 chicken wings",
    "unit": "each",
  },
  {
    "confidence": 0.97,
    "descriptor": null,
    "isOptional": false,
    "name": "frozen peas",
    "quantity": 16,
    "raw": "1 package (16 oz) frozen peas",
    "unit": "oz",
  },
  {
    "confidence": 1,
    "descriptor": "divided",
    "isOptional": false,
    "name": "unsalted butter",
    "quantity": 2,
    "raw": "2 tablespoons unsalted butter, divided",
    "unit": "tbsp",
  },
  {
    "confidence": 1,
    "descriptor": "divided",
    "isOptional": false,
    "name": "grated mozzarella",
    "quantity": 1,
    "raw": "1 cup grated mozzarella, divided",
    "unit": "cup",
  },
  {
    "confidence": 0.95,
    "descriptor": "halved and thinly sliced",
    "isOptional": false,
    "name": "onion",
    "quantity": 1,
    "raw": "1 onion, halved and thinly sliced",
    "unit": "each",
  },
  {
    "confidence": 1,
    "descriptor": "cooled",
    "isOptional": false,
    "name": "cooked white rice",
    "quantity": 2,
    "raw": "2 cups cooked white rice, cooled",
    "unit": "cup",
  },
  {
    "confidence": 1,
    "descriptor": "thawed",
    "isOptional": false,
    "name": "frozen peas",
    "quantity": 1,
    "raw": "1 cup frozen peas, thawed",
    "unit": "cup",
  },
  {
    "confidence": 0.95,
    "descriptor": "cored and chopped",
    "isOptional": false,
    "name": "tomatoes",
    "quantity": 3,
    "raw": "3 tomatoes, cored and chopped",
    "unit": "each",
  },
  {
    "confidence": 1,
    "descriptor": "halved",
    "isOptional": false,
    "name": "pitted kalamata olives",
    "quantity": 0.5,
    "raw": "1/2 cup pitted Kalamata olives, halved",
    "unit": "cup",
  },
  {
    "confidence": 1,
    "descriptor": "trimmed",
    "isOptional": false,
    "name": "asparagus",
    "quantity": 1,
    "raw": "1 pound asparagus, trimmed",
    "unit": "lb",
  },
  {
    "confidence": 0.95,
    "descriptor": "quartered lengthwise",
    "isOptional": false,
    "name": "zucchini",
    "quantity": 2,
    "raw": "2 zucchini, quartered lengthwise",
    "unit": "each",
  },
  {
    "confidence": 0.95,
    "descriptor": "cubed",
    "isOptional": false,
    "name": "eggplant",
    "quantity": 1,
    "raw": "1 eggplant, cubed",
    "unit": "each",
  },
  {
    "confidence": 0.95,
    "descriptor": "peeled and cubed",
    "isOptional": false,
    "name": "butternut squash",
    "quantity": 1,
    "raw": "1 butternut squash, peeled and cubed",
    "unit": "each",
  },
  {
    "confidence": 0.95,
    "descriptor": "thinly sliced on the bias",
    "isOptional": false,
    "name": "scallions",
    "quantity": 4,
    "raw": "4 scallions, thinly sliced on the bias",
    "unit": "each",
  },
  {
    "confidence": 1,
    "descriptor": null,
    "isOptional": false,
    "name": "ketchup",
    "quantity": 0.3333333333333333,
    "raw": "1/3 cup ketchup",
    "unit": "cup",
  },
  {
    "confidence": 1,
    "descriptor": null,
    "isOptional": false,
    "name": "sriracha",
    "quantity": 2,
    "raw": "2 tablespoons sriracha",
    "unit": "tbsp",
  },
  {
    "confidence": 1,
    "descriptor": null,
    "isOptional": false,
    "name": "barbecue sauce",
    "quantity": 0.25,
    "raw": "1/4 cup barbecue sauce",
    "unit": "cup",
  },
  {
    "confidence": 1,
    "descriptor": null,
    "isOptional": false,
    "name": "hoisin sauce",
    "quantity": 3,
    "raw": "3 tablespoons hoisin sauce",
    "unit": "tbsp",
  },
  {
    "confidence": 1,
    "descriptor": null,
    "isOptional": false,
    "name": "sesame oil",
    "quantity": 2,
    "raw": "2 teaspoons sesame oil",
    "unit": "tsp",
  },
  {
    "confidence": 1,
    "descriptor": null,
    "isOptional": false,
    "name": "rice vinegar",
    "quantity": 1,
    "raw": "1 tablespoon rice vinegar",
    "unit": "tbsp",
  },
  {
    "confidence": 1,
    "descriptor": null,
    "isOptional": false,
    "name": "tahini",
    "quantity": 0.25,
    "raw": "1/4 cup tahini",
    "unit": "cup",
  },
  {
    "confidence": 1,
    "descriptor": null,
    "isOptional": false,
    "name": "pesto",
    "quantity": 2,
    "raw": "2 tablespoons pesto",
    "unit": "tbsp",
  },
  {
    "confidence": 1,
    "descriptor": null,
    "isOptional": false,
    "name": "miso paste",
    "quantity": 1,
    "raw": "1 tablespoon miso paste",
    "unit": "tbsp",
  },
  {
    "confidence": 1,
    "descriptor": null,
    "isOptional": false,
    "name": "marinara sauce",
    "quantity": 0.5,
    "raw": "1/2 cup marinara sauce",
    "unit": "cup",
  },
]
`;
